[0m12:46:45.043772 [debug] [MainThread]: Sending event: {'category': 'dbt', 'action': 'invocation', 'label': 'start', 'context': [<snowplow_tracker.self_describing_json.SelfDescribingJson object at 0x7b5ec106a6d0>, <snowplow_tracker.self_describing_json.SelfDescribingJson object at 0x7b5ec0db2cd0>, <snowplow_tracker.self_describing_json.SelfDescribingJson object at 0x7b5ec0db28d0>]}


============================== 12:46:45.073410 | 25f08453-3d9d-4b82-a357-fcefd2eb18e3 ==============================
[0m12:46:45.073410 [info ] [MainThread]: Running with dbt=1.12.3
[0m12:46:45.078086 [debug] [MainThread]: running dbt with arguments {'warn_error_options': 'WarnErrorOptionsV2(error=[], warn=[], silence=[])', 'write_json': 'True', 'invocation_command': 'dbt run', 'no_print': 'None', 'log_path': 'logs', 'hints_enabled': 'True', 'partial_parse': 'True', 'version_check': 'True', 'fail_fast': 'False', 'introspect': 'True', 'empty': 'False', 'profiles_dir': '/app/dbt', 'send_anonymous_usage_stats': 'True', 'cache_selected_only': 'False', 'log_cache_events': 'False', 'printer_width': '80', 'target_path': 'None', 'log_format': 'default', 'use_colors': 'True', 'debug': 'False', 'static_parser': 'True', 'indirect_selection': 'eager', 'warn_error': 'None', 'quiet': 'False', 'use_experimental_parser': 'False', 'maximum_seed_size_mib': '1'}
[0m12:46:45.083009 [error] [MainThread]: [[31mERROR[0m]: Encountered an error:
Runtime Error
  No dbt_project.yml found at expected path /app/dbt/dbt_project.yml
  Verify that each entry within packages.yml (and their transitive dependencies) contains a file named dbt_project.yml
  
[0m12:46:45.090371 [debug] [MainThread]: Resource report: {"command_name": "run", "command_success": false, "command_wall_clock_time": 0.5235802, "process_in_blocks": "0", "process_kernel_time": 3.548604, "process_mem_max_rss": "114516", "process_out_blocks": "2192", "process_user_time": 6.679223}
[0m12:46:45.094041 [debug] [MainThread]: Command `dbt run` failed at 12:46:45.093563 after 0.53 seconds
[0m12:46:45.097011 [debug] [MainThread]: Sending event: {'category': 'dbt', 'action': 'invocation', 'label': 'end', 'context': [<snowplow_tracker.self_describing_json.SelfDescribingJson object at 0x7b5ec0dccf90>, <snowplow_tracker.self_describing_json.SelfDescribingJson object at 0x7b5ec0dcc310>, <snowplow_tracker.self_describing_json.SelfDescribingJson object at 0x7b5ec0f3f410>]}
[0m12:46:45.101043 [debug] [MainThread]: Flushing usage events
[0m12:46:46.316430 [debug] [MainThread]: An error was encountered while trying to flush usage events
[0m12:47:17.061664 [debug] [MainThread]: Sending event: {'category': 'dbt', 'action': 'invocation', 'label': 'start', 'context': [<snowplow_tracker.self_describing_json.SelfDescribingJson object at 0x7b22b596aad0>, <snowplow_tracker.self_describing_json.SelfDescribingJson object at 0x7b22b5969090>, <snowplow_tracker.self_describing_json.SelfDescribingJson object at 0x7b22b5968590>]}


============================== 12:47:17.079180 | 6035189c-9c59-430c-89ee-464c363407cf ==============================
[0m12:47:17.079180 [info ] [MainThread]: Running with dbt=1.12.3
[0m12:47:17.084203 [debug] [MainThread]: running dbt with arguments {'target_path': 'None', 'log_cache_events': 'False', 'warn_error': 'None', 'empty': 'None', 'maximum_seed_size_mib': '1', 'introspect': 'True', 'profiles_dir': '/app/dbt', 'send_anonymous_usage_stats': 'True', 'no_print': 'None', 'log_path': 'logs', 'invocation_command': 'dbt init', 'version_check': 'True', 'debug': 'False', 'fail_fast': 'False', 'log_format': 'default', 'partial_parse': 'True', 'printer_width': '80', 'warn_error_options': 'WarnErrorOptionsV2(error=[], warn=[], silence=[])', 'use_colors': 'True', 'cache_selected_only': 'False', 'use_experimental_parser': 'False', 'quiet': 'False', 'hints_enabled': 'True', 'indirect_selection': 'eager', 'write_json': 'True', 'static_parser': 'True'}
[0m12:47:40.679478 [debug] [MainThread]: Starter project path: /usr/local/lib/python3.11/site-packages/dbt/include/starter_project
[0m12:47:41.247536 [info ] [MainThread]: Setting up your profile.
[0m12:47:47.360568 [debug] [MainThread]: Snowflake adapter: Setting snowflake.connector to ERROR (file logging only)
[0m12:47:47.365383 [debug] [MainThread]: Snowflake adapter: Setting botocore to ERROR (file logging only)
[0m12:47:47.369809 [debug] [MainThread]: Snowflake adapter: Setting boto3 to ERROR (file logging only)
[0m13:04:26.087764 [info ] [MainThread]: Profile novaspin_dbt written to /app/dbt/profiles.yml using target's profile_template.yml and your supplied values.
[0m13:04:26.101236 [info ] [MainThread]: Running dbt debug to validate the project...
[0m13:04:26.107957 [info ] [MainThread]: dbt version: 1.12.3
[0m13:04:26.113314 [info ] [MainThread]: python version: 3.11.16
[0m13:04:26.118635 [info ] [MainThread]: python path: /usr/local/bin/python3.11
[0m13:04:26.124087 [info ] [MainThread]: os info: Linux-6.18.33.2-microsoft-standard-WSL2-x86_64-with-glibc2.41
[0m13:04:26.404637 [info ] [MainThread]: Using profiles dir at /app/dbt
[0m13:04:26.407856 [info ] [MainThread]: Using profiles.yml file at /app/dbt/profiles.yml
[0m13:04:26.410669 [info ] [MainThread]: Using dbt_project.yml file at /app/dbt/novaspin_dbt/dbt_project.yml
[0m13:04:26.414550 [info ] [MainThread]: adapter type: snowflake
[0m13:04:26.416984 [info ] [MainThread]: adapter version: 1.12.0
[0m13:04:26.638006 [info ] [MainThread]: Configuration:
[0m13:04:26.642314 [info ] [MainThread]:   profiles.yml file [[32mOK found and valid[0m]
[0m13:04:26.646809 [info ] [MainThread]:   dbt_project.yml file [[32mOK found and valid[0m]
[0m13:04:26.650854 [info ] [MainThread]: Required dependencies:
[0m13:04:26.655039 [debug] [MainThread]: Executing "git --help"
[0m13:04:26.661985 [info ] [MainThread]:  - git [[31mERROR[0m]

[0m13:04:26.665875 [info ] [MainThread]: Connection:
[0m13:04:26.669606 [info ] [MainThread]:   account: WQJCOHK-WB64060
[0m13:04:26.673728 [info ] [MainThread]:   user: muhozgu
[0m13:04:26.678765 [info ] [MainThread]:   database: NOVASPIN
[0m13:04:26.682901 [info ] [MainThread]:   warehouse: COMPUTE_WH
[0m13:04:26.686906 [info ] [MainThread]:   role: ACCOUNTADMIN
[0m13:04:26.691233 [info ] [MainThread]:   schema: muhozgu_schema
[0m13:04:26.696621 [info ] [MainThread]:   authenticator: None
[0m13:04:26.700512 [info ] [MainThread]:   oauth_client_id: None
[0m13:04:26.704899 [info ] [MainThread]:   query_tag: None
[0m13:04:26.710045 [info ] [MainThread]:   client_session_keep_alive: False
[0m13:04:26.715209 [info ] [MainThread]:   host: None
[0m13:04:26.719334 [info ] [MainThread]:   port: None
[0m13:04:26.724044 [info ] [MainThread]:   proxy_host: None
[0m13:04:26.729318 [info ] [MainThread]:   proxy_port: None
[0m13:04:26.733307 [info ] [MainThread]:   protocol: None
[0m13:04:26.737274 [info ] [MainThread]:   connect_retries: 1
[0m13:04:26.742829 [info ] [MainThread]:   connect_timeout: None
[0m13:04:26.747192 [info ] [MainThread]:   retry_on_database_errors: False
[0m13:04:26.751622 [info ] [MainThread]:   retry_all: False
[0m13:04:26.755955 [info ] [MainThread]:   insecure_mode: False
[0m13:04:26.760444 [info ] [MainThread]:   reuse_connections: True
[0m13:04:26.765679 [info ] [MainThread]:   s3_stage_vpce_dns_name: None
[0m13:04:26.769824 [info ] [MainThread]:   workload_identity_provider: None
[0m13:04:26.773965 [info ] [MainThread]:   workload_identity_entra_resource: None
[0m13:04:26.778458 [info ] [MainThread]:   platform_detection_timeout_seconds: 0.0
[0m13:04:26.783772 [info ] [MainThread]: Registered adapter: snowflake=1.12.0
[0m13:04:27.304879 [debug] [MainThread]: Acquiring new snowflake connection 'debug'
[0m13:04:27.310748 [debug] [MainThread]: Using snowflake connection "debug"
[0m13:04:27.313182 [debug] [MainThread]: On debug: select 1 as id
[0m13:04:27.315059 [debug] [MainThread]: Opening a new connection, currently in state init
[0m13:04:30.030218 [debug] [MainThread]: SQL status: SUCCESS 1 in 2.715 seconds
[0m13:04:30.040289 [info ] [MainThread]:   Connection test: [[32mOK connection ok[0m]

[0m13:04:30.048842 [info ] [MainThread]: [31m1 check failed:[0m
[0m13:04:30.057715 [info ] [MainThread]: Error from git --help: Could not find command, ensure it is in the user's PATH: "git"

[0m13:04:30.066547 [info ] [MainThread]: Your new dbt project "novaspin_dbt" was created!
Initialized new project in /app/dbt/novaspin_dbt/novaspin_dbt

For more information on how to configure the profiles.yml file,
please consult the dbt documentation here:

  https://docs.getdbt.com/docs/configure-your-profile

One more thing:

Need help? Don't hesitate to reach out to us via GitHub issues or on Slack:

  https://community.getdbt.com/

Happy modeling!

[0m13:04:30.076022 [info ] [MainThread]: [31mYour profile may need adjustments. You can find the logs of `dbt debug` above[0m
[0m13:04:30.090513 [debug] [MainThread]: Resource report: {"command_name": "init", "command_success": true, "command_wall_clock_time": 1033.6022, "process_in_blocks": "8", "process_kernel_time": 2.727448, "process_mem_max_rss": "244524", "process_out_blocks": "8360", "process_user_time": 10.677062}
[0m13:04:30.101340 [debug] [MainThread]: Command `dbt init` succeeded at 13:04:30.100373 after 1033.61 seconds
[0m13:04:30.108989 [debug] [MainThread]: Connection 'debug' was left open.
[0m13:04:30.116469 [debug] [MainThread]: On debug: Close
[0m13:04:30.279027 [debug] [MainThread]: Sending event: {'category': 'dbt', 'action': 'invocation', 'label': 'end', 'context': [<snowplow_tracker.self_describing_json.SelfDescribingJson object at 0x7b22b22ef950>, <snowplow_tracker.self_describing_json.SelfDescribingJson object at 0x7b22b2266190>, <snowplow_tracker.self_describing_json.SelfDescribingJson object at 0x7b228ef4d910>]}
[0m13:04:30.287108 [debug] [MainThread]: Flushing usage events
[0m13:04:31.076002 [debug] [MainThread]: An error was encountered while trying to flush usage events
[0m13:31:35.181663 [debug] [MainThread]: Sending event: {'category': 'dbt', 'action': 'invocation', 'label': 'start', 'context': [<snowplow_tracker.self_describing_json.SelfDescribingJson object at 0x7c7520d95f10>, <snowplow_tracker.self_describing_json.SelfDescribingJson object at 0x7c751d836510>, <snowplow_tracker.self_describing_json.SelfDescribingJson object at 0x7c751d73e750>]}


============================== 13:31:35.201833 | 8e3dc05a-fbaa-473a-bcfb-9d4d34f804f4 ==============================
[0m13:31:35.201833 [info ] [MainThread]: Running with dbt=1.12.3
[0m13:31:35.207947 [debug] [MainThread]: running dbt with arguments {'static_parser': 'True', 'write_json': 'True', 'empty': 'False', 'partial_parse': 'True', 'send_anonymous_usage_stats': 'True', 'version_check': 'True', 'target_path': 'None', 'profiles_dir': '/app/dbt', 'maximum_seed_size_mib': '1', 'quiet': 'False', 'hints_enabled': 'True', 'printer_width': '80', 'use_colors': 'True', 'use_experimental_parser': 'False', 'debug': 'False', 'introspect': 'True', 'indirect_selection': 'eager', 'warn_error': 'None', 'no_print': 'None', 'log_cache_events': 'False', 'warn_error_options': 'WarnErrorOptionsV2(error=[], warn=[], silence=[])', 'log_path': 'logs', 'log_format': 'default', 'fail_fast': 'False', 'cache_selected_only': 'False', 'invocation_command': 'dbt run'}
[0m13:31:35.213214 [error] [MainThread]: [[31mERROR[0m]: Encountered an error:
Runtime Error
  No dbt_project.yml found at expected path /app/dbt/dbt_project.yml
  Verify that each entry within packages.yml (and their transitive dependencies) contains a file named dbt_project.yml
  
[0m13:31:35.219153 [debug] [MainThread]: Resource report: {"command_name": "run", "command_success": false, "command_wall_clock_time": 0.28438836, "process_in_blocks": "0", "process_kernel_time": 1.537061, "process_mem_max_rss": "114480", "process_out_blocks": "2192", "process_user_time": 4.173745}
[0m13:31:35.223104 [debug] [MainThread]: Command `dbt run` failed at 13:31:35.222594 after 0.29 seconds
[0m13:31:35.227018 [debug] [MainThread]: Sending event: {'category': 'dbt', 'action': 'invocation', 'label': 'end', 'context': [<snowplow_tracker.self_describing_json.SelfDescribingJson object at 0x7c751d7079d0>, <snowplow_tracker.self_describing_json.SelfDescribingJson object at 0x7c751d705fd0>, <snowplow_tracker.self_describing_json.SelfDescribingJson object at 0x7c751d70b5d0>]}
[0m13:31:35.231235 [debug] [MainThread]: Flushing usage events
[0m13:31:36.087766 [debug] [MainThread]: An error was encountered while trying to flush usage events
[0m13:40:31.845754 [debug] [MainThread]: Sending event: {'category': 'dbt', 'action': 'invocation', 'label': 'start', 'context': [<snowplow_tracker.self_describing_json.SelfDescribingJson object at 0x7b2cd42eea90>, <snowplow_tracker.self_describing_json.SelfDescribingJson object at 0x7b2cd0ae6d90>, <snowplow_tracker.self_describing_json.SelfDescribingJson object at 0x7b2cd0d8e310>]}


============================== 13:40:31.866859 | 316cd781-9fc4-4eea-b9b1-f564a62f49aa ==============================
[0m13:40:31.866859 [info ] [MainThread]: Running with dbt=1.12.3
[0m13:40:31.873775 [debug] [MainThread]: running dbt with arguments {'log_path': 'logs', 'use_experimental_parser': 'False', 'fail_fast': 'False', 'profiles_dir': '/app/dbt', 'static_parser': 'True', 'write_json': 'True', 'send_anonymous_usage_stats': 'True', 'partial_parse': 'True', 'version_check': 'True', 'printer_width': '80', 'invocation_command': 'dbt run', 'debug': 'False', 'warn_error': 'None', 'no_print': 'None', 'use_colors': 'True', 'introspect': 'True', 'warn_error_options': 'WarnErrorOptionsV2(error=[], warn=[], silence=[])', 'cache_selected_only': 'False', 'empty': 'False', 'quiet': 'False', 'target_path': 'None', 'hints_enabled': 'True', 'log_format': 'default', 'log_cache_events': 'False', 'maximum_seed_size_mib': '1', 'indirect_selection': 'eager'}
[0m13:40:31.880515 [error] [MainThread]: [[31mERROR[0m]: Encountered an error:
Runtime Error
  No dbt_project.yml found at expected path /app/dbt/dbt_project.yml
  Verify that each entry within packages.yml (and their transitive dependencies) contains a file named dbt_project.yml
  
[0m13:40:31.888200 [debug] [MainThread]: Resource report: {"command_name": "run", "command_success": false, "command_wall_clock_time": 0.43972903, "process_in_blocks": "0", "process_kernel_time": 1.29458, "process_mem_max_rss": "114540", "process_out_blocks": "2192", "process_user_time": 5.202369}
[0m13:40:31.895252 [debug] [MainThread]: Command `dbt run` failed at 13:40:31.894586 after 0.45 seconds
[0m13:40:31.900446 [debug] [MainThread]: Sending event: {'category': 'dbt', 'action': 'invocation', 'label': 'end', 'context': [<snowplow_tracker.self_describing_json.SelfDescribingJson object at 0x7b2cd0d27c50>, <snowplow_tracker.self_describing_json.SelfDescribingJson object at 0x7b2cd0d27990>, <snowplow_tracker.self_describing_json.SelfDescribingJson object at 0x7b2cd0d27c90>]}
[0m13:40:31.905945 [debug] [MainThread]: Flushing usage events
[0m13:40:32.883567 [debug] [MainThread]: An error was encountered while trying to flush usage events
[0m13:40:58.337718 [debug] [MainThread]: Sending event: {'category': 'dbt', 'action': 'invocation', 'label': 'start', 'context': [<snowplow_tracker.self_describing_json.SelfDescribingJson object at 0x70fbf0622410>, <snowplow_tracker.self_describing_json.SelfDescribingJson object at 0x70fbecf6ffd0>, <snowplow_tracker.self_describing_json.SelfDescribingJson object at 0x70fbecdf2cd0>]}


============================== 13:40:58.359117 | 7d8a0468-d250-41c4-b2e1-0934a140b2a4 ==============================
[0m13:40:58.359117 [info ] [MainThread]: Running with dbt=1.12.3
[0m13:40:58.367602 [debug] [MainThread]: running dbt with arguments {'warn_error': 'None', 'send_anonymous_usage_stats': 'True', 'profiles_dir': '/app/dbt', 'version_check': 'True', 'static_parser': 'True', 'indirect_selection': 'eager', 'introspect': 'True', 'target_path': 'None', 'fail_fast': 'False', 'maximum_seed_size_mib': '1', 'write_json': 'True', 'invocation_command': 'dbt run', 'quiet': 'False', 'printer_width': '80', 'hints_enabled': 'True', 'empty': 'False', 'use_experimental_parser': 'False', 'partial_parse': 'True', 'cache_selected_only': 'False', 'warn_error_options': 'WarnErrorOptionsV2(error=[], warn=[], silence=[])', 'no_print': 'None', 'use_colors': 'True', 'debug': 'False', 'log_cache_events': 'False', 'log_path': 'logs', 'log_format': 'default'}
[0m13:40:58.375797 [error] [MainThread]: [[31mERROR[0m]: Encountered an error:
Runtime Error
  No dbt_project.yml found at expected path /app/dbt/dbt_project.yml
  Verify that each entry within packages.yml (and their transitive dependencies) contains a file named dbt_project.yml
  
[0m13:40:58.385800 [debug] [MainThread]: Resource report: {"command_name": "run", "command_success": false, "command_wall_clock_time": 0.38462836, "process_in_blocks": "0", "process_kernel_time": 0.974442, "process_mem_max_rss": "114400", "process_out_blocks": "2192", "process_user_time": 4.17333}
[0m13:40:58.393863 [debug] [MainThread]: Command `dbt run` failed at 13:40:58.393110 after 0.39 seconds
[0m13:40:58.400608 [debug] [MainThread]: Sending event: {'category': 'dbt', 'action': 'invocation', 'label': 'end', 'context': [<snowplow_tracker.self_describing_json.SelfDescribingJson object at 0x70fbed0b6510>, <snowplow_tracker.self_describing_json.SelfDescribingJson object at 0x70fbed05f8d0>, <snowplow_tracker.self_describing_json.SelfDescribingJson object at 0x70fbed05f790>]}
[0m13:40:58.407791 [debug] [MainThread]: Flushing usage events
[0m13:40:59.456690 [debug] [MainThread]: An error was encountered while trying to flush usage events
[0m14:20:55.250109 [debug] [MainThread]: Sending event: {'category': 'dbt', 'action': 'invocation', 'label': 'start', 'context': [<snowplow_tracker.self_describing_json.SelfDescribingJson object at 0x7f53d4890090>, <snowplow_tracker.self_describing_json.SelfDescribingJson object at 0x7f53d4892750>, <snowplow_tracker.self_describing_json.SelfDescribingJson object at 0x7f53d12ae710>]}


============================== 14:20:55.260985 | ddf78adb-839b-4bc6-9b7c-497931f11aae ==============================
[0m14:20:55.260985 [info ] [MainThread]: Running with dbt=1.12.3
[0m14:20:55.267069 [debug] [MainThread]: running dbt with arguments {'warn_error': 'None', 'use_experimental_parser': 'False', 'profiles_dir': '/app/dbt', 'partial_parse': 'True', 'version_check': 'True', 'introspect': 'True', 'cache_selected_only': 'False', 'use_colors': 'True', 'log_path': 'logs', 'indirect_selection': 'eager', 'fail_fast': 'False', 'warn_error_options': 'WarnErrorOptionsV2(error=[], warn=[], silence=[])', 'send_anonymous_usage_stats': 'True', 'log_format': 'default', 'log_cache_events': 'False', 'empty': 'False', 'target_path': 'None', 'write_json': 'True', 'maximum_seed_size_mib': '1', 'no_print': 'None', 'printer_width': '80', 'debug': 'False', 'invocation_command': 'dbt run', 'static_parser': 'True', 'quiet': 'False', 'hints_enabled': 'True'}
[0m14:20:55.272299 [error] [MainThread]: [[31mERROR[0m]: Encountered an error:
Runtime Error
  No dbt_project.yml found at expected path /app/dbt/dbt_project.yml
  Verify that each entry within packages.yml (and their transitive dependencies) contains a file named dbt_project.yml
  
[0m14:20:55.278116 [debug] [MainThread]: Resource report: {"command_name": "run", "command_success": false, "command_wall_clock_time": 0.25957686, "process_in_blocks": "0", "process_kernel_time": 0.908131, "process_mem_max_rss": "112612", "process_out_blocks": "0", "process_user_time": 4.4844}
[0m14:20:55.282392 [debug] [MainThread]: Command `dbt run` failed at 14:20:55.281937 after 0.26 seconds
[0m14:20:55.286696 [debug] [MainThread]: Sending event: {'category': 'dbt', 'action': 'invocation', 'label': 'end', 'context': [<snowplow_tracker.self_describing_json.SelfDescribingJson object at 0x7f53d1079810>, <snowplow_tracker.self_describing_json.SelfDescribingJson object at 0x7f53d107be10>, <snowplow_tracker.self_describing_json.SelfDescribingJson object at 0x7f53d117f510>]}
[0m14:20:55.290934 [debug] [MainThread]: Flushing usage events
[0m14:20:56.204839 [debug] [MainThread]: An error was encountered while trying to flush usage events
